<?xml version="1.0" encoding="UTF-8"?>
<config xmlns="http://www.knime.org/2008/09/XMLConfig" xmlns:xsi="http://www.w3.org/2001/XMLSchema-instance" xsi:schemaLocation="http://www.knime.org/2008/09/XMLConfig http://www.knime.org/XMLConfig_2008_09.xsd" key="test">
    <entry key="input.column" type="xstring" value="json"/>
    <entry key="remove.input.column" type="xboolean" value="true"/>
    <config key="newColumnName">
        <entry key="array-size" type="xint" value="2"/>
        <entry key="0" type="xstring" value="column"/>
        <entry key="1" type="xstring" value="some"/>
    </config>
    <config key="jsonpath">
        <entry key="array-size" type="xint" value="2"/>
        <entry key="0" type="xstring" value="$..*"/>
        <entry key="1" type="xstring" value="$['some']"/>
    </config>
    <config key="result.is.list">
        <entry key="array-size" type="xint" value="2"/>
        <entry key="0" type="xboolean" value="true"/>
        <entry key="1" type="xboolean" value="false"/>
    </config>
    <config key="return.paths.instead.of.values">
        <entry key="array-size" type="xint" value="2"/>
        <entry key="0" type="xboolean" value="false"/>
        <entry key="1" type="xboolean" value="false"/>
    </config>
    <config key="returnType">
        <entry key="array-size" type="xint" value="2"/>
        <entry key="0" type="xstring" value="Json"/>
        <entry key="1" type="xstring" value="String"/>
    </config>
</config>
