<?xml version="1.0" encoding="UTF-8"?>
<config xmlns="http://www.knime.org/2008/09/XMLConfig" xmlns:xsi="http://www.w3.org/2001/XMLSchema-instance" xsi:schemaLocation="http://www.knime.org/2008/09/XMLConfig http://www.knime.org/XMLConfig_2008_09.xsd" key="test">
    <entry key="input.column" type="xstring" value="json"/>
    <entry key="remove.input.column" type="xboolean" value="false"/>
    <entry key="new.column.name" type="xstring" value="XML"/>
    <entry key="specify.namespace" type="xboolean" value="false"/>
    <entry key="namespace" type="xstring" value=""/>
    <entry key="keep.type.information" type="xboolean" value="false"/>
    <entry key="array.prefix" type="xstring" value="Array"/>
    <entry key="boolean.prefix" type="xstring" value="Boolean"/>
    <entry key="decimal.prefix" type="xstring" value="Decimal"/>
    <entry key="integer.prefix" type="xstring" value="Integer"/>
    <entry key="null.prefix" type="xstring" value="null"/>
    <entry key="string.prefix" type="xstring" value="String"/>
    <entry key="root.element" type="xstring" value="root"/>
    <entry key="array.item.element" type="xstring" value="item"/>
    <entry key="parent.key.as.element.name" type="xboolean" value="false"/>
    <entry key="create.text.for.specific.keys" type="xboolean" value="true"/>
    <entry key="key.for.text" type="xstring" value="#text"/>
    <entry key="translate.#comment.as.element" type="xboolean" value="true"/>
    <entry key="translate.?prefix.as.element" type="xboolean" value="true"/>
    <entry key="value.remove.invalid.chars" type="xboolean" value="true"/>
</config>
