{
  "data" : {
    "model" : {
      "inputColumn" : "XML",
      "appendOrReplace" : "APPEND",
      "newColumnName" : "JSON",
      "textKey" : "text",
      "translateComments" : false,
      "translateProcessingInstructions" : false
    }
  },
  "schema" : {
    "type" : "object",
    "properties" : {
      "model" : {
        "type" : "object",
        "properties" : {
          "appendOrReplace" : {
            "oneOf" : [ {
              "const" : "APPEND",
              "title" : "Append"
            }, {
              "const" : "REPLACE",
              "title" : "Replace"
            } ],
            "title" : "Output handling",
            "description" : "Select how the output JSON column should be handled.\n<ul>\n<li><b>Append</b>: Adds a new JSON column.</li>\n<li><b>Replace</b>: Replaces the original column with the JSON column.</li>\n</ul>",
            "default" : "APPEND"
          },
          "inputColumn" : {
            "type" : "string",
            "title" : "Input column",
            "description" : "Column containing XML values"
          },
          "newColumnName" : {
            "type" : "string",
            "title" : "New column name",
            "description" : "Name of the new (JSON) column",
            "default" : "JSON"
          },
          "textKey" : {
            "type" : "string",
            "title" : "Text body translated to JSON with key",
            "description" : "This key will be used for XML text content to be represented in JSON",
            "default" : "text"
          },
          "translateComments" : {
            "type" : "boolean",
            "title" : "Translate comments",
            "description" : "When checked, comments (such as &lt;!-- comment --&gt;) will be translated with key: #comment, otherwise they are omitted in the JSON output",
            "default" : false
          },
          "translateProcessingInstructions" : {
            "type" : "boolean",
            "title" : "Translate processing instructions",
            "description" : "When checked, processing instructions (such as &lt;?do?&gt;) will be translated with prefix ?, otherwise they are omitted in the JSON output",
            "default" : false
          }
        }
      }
    }
  },
  "ui_schema" : {
    "elements" : [ {
      "type" : "Control",
      "scope" : "#/properties/model/properties/inputColumn",
      "options" : {
        "format" : "dropDown"
      },
      "providedOptions" : [ "possibleValues" ]
    }, {
      "type" : "Control",
      "scope" : "#/properties/model/properties/appendOrReplace",
      "options" : {
        "format" : "valueSwitch"
      }
    }, {
      "type" : "Control",
      "scope" : "#/properties/model/properties/newColumnName",
      "rule" : {
        "effect" : "SHOW",
        "condition" : {
          "scope" : "#/properties/model/properties/appendOrReplace",
          "schema" : {
            "oneOf" : [ {
              "const" : "APPEND"
            } ]
          }
        }
      }
    }, {
      "type" : "Control",
      "scope" : "#/properties/model/properties/textKey"
    }, {
      "type" : "Control",
      "scope" : "#/properties/model/properties/translateComments",
      "options" : {
        "format" : "checkbox",
        "isAdvanced" : true
      }
    }, {
      "type" : "Control",
      "scope" : "#/properties/model/properties/translateProcessingInstructions",
      "options" : {
        "format" : "checkbox",
        "isAdvanced" : true
      }
    } ]
  },
  "persist" : {
    "type" : "object",
    "properties" : {
      "model" : {
        "type" : "object",
        "properties" : {
          "inputColumn" : {
            "configKey" : "input<dot>column"
          },
          "appendOrReplace" : {
            "configPaths" : [ [ "remove<dot>input<dot>column" ] ]
          },
          "newColumnName" : {
            "configKey" : "new<dot>column<dot>name"
          },
          "textKey" : {
            "configKey" : "text<dot>key"
          },
          "translateComments" : {
            "configKey" : "translate<dot>comments",
            "deprecatedConfigKeys" : [ {
              "deprecated" : [ ]
            } ]
          },
          "translateProcessingInstructions" : {
            "configKey" : "translate<dot>processing<dot>instructions",
            "deprecatedConfigKeys" : [ {
              "deprecated" : [ ]
            } ]
          }
        }
      }
    }
  },
  "initialUpdates" : [ {
    "scope" : "#/properties/model/properties/inputColumn",
    "providedOptionName" : "possibleValues",
    "values" : [ {
      "indices" : [ ],
      "value" : [ {
        "id" : "XML",
        "text" : "XML",
        "type" : {
          "id" : "org.knime.core.data.xml.XMLValue",
          "text" : "XML"
        }
      } ]
    } ]
  } ],
  "globalUpdates" : [ {
    "trigger" : {
      "id" : "after-open-dialog"
    },
    "triggerInitially" : true,
    "dependencies" : [ "#/properties/model/properties/inputColumn" ]
  } ]
}